[14:36:37] [INIT] KubeJS 2001.6.5-build.26; MC 2001 forge
[14:36:37] [INIT] Loaded plugins:
[14:36:37] [INIT] - dev.latvian.mods.kubejs.forge.BuiltinKubeJSForgePlugin
[14:36:37] [INIT] - dev.latvian.mods.kubejs.forge.BuiltinKubeJSForgeClientPlugin
[14:36:37] [INIT] - com.lowdragmc.lowdraglib.kjs.LDLibKubeJSPlugin
[14:36:37] [INIT] - dev.ftb.mods.ftbxmodcompat.ftbquests.kubejs.KubeJSIntegration
[14:36:37] [INIT] - dev.ftb.mods.ftbxmodcompat.ftbchunks.kubejs.FTBChunksKubeJSPlugin
[14:36:37] [INIT] - dev.ftb.mods.ftbxmodcompat.ftbteams.kubejs.FTBTeamsKubeJSPlugin
[14:36:37] [INIT] - electrolyte.greate.compat.kubejs.KubeJSGreatePlugin
[14:36:37] [INIT] - com.almostreliable.lootjs.kube.LootJSPlugin
[14:36:37] [INIT] - com.blakebr0.cucumber.compat.kubejs.CucumberKubeJSPlugin
[14:36:37] [INIT] - igentuman.nc.compat.kubejs.NuclearCraftKubeJSPlugin
[14:36:37] [INIT] - com.gregtechceu.gtceu.integration.kjs.GregTechKubeJSPlugin
[14:36:37] [INIT] - argent_matter.gcyr.integration.kjs.GCYRKubeJSPlugin
[14:36:37] [INIT] - com.rubenverg.moldraw.kubejs.MolDrawKJSPlugin
[14:36:37] [ERROR] ! jei/hidden_items.js#1: ReferenceError: "JEIEvents" is not defined.
[14:36:37] [ERROR] ! jei/hidden_categories.js#1: ReferenceError: "JEIEvents" is not defined.
[14:36:37] [INFO] Loaded script client_scripts:tooltips.js in 0.0 s
[14:36:37] [INFO] Loaded 1/3 KubeJS client scripts in 0.024 s with 0 errors and 0 warnings
[14:36:45] [INFO] Client resource reload complete!
