[20:32:16] [INIT] KubeJS 2001.6.5-build.26; MC 2001 forge
[20:32:16] [INIT] Loaded plugins:
[20:32:16] [INIT] - dev.latvian.mods.kubejs.forge.BuiltinKubeJSForgePlugin
[20:32:16] [INIT] - dev.latvian.mods.kubejs.forge.BuiltinKubeJSForgeClientPlugin
[20:32:16] [INIT] - com.lowdragmc.lowdraglib.kjs.LDLibKubeJSPlugin
[20:32:16] [INIT] - dev.ftb.mods.ftbxmodcompat.ftbquests.kubejs.KubeJSIntegration
[20:32:16] [INIT] - dev.ftb.mods.ftbxmodcompat.ftbchunks.kubejs.FTBChunksKubeJSPlugin
[20:32:16] [INIT] - dev.ftb.mods.ftbxmodcompat.ftbteams.kubejs.FTBTeamsKubeJSPlugin
[20:32:16] [INIT] - com.rubenverg.moldraw.kubejs.MolDrawKJSPlugin
[20:32:16] [INIT] - electrolyte.greate.compat.kubejs.KubeJSGreatePlugin
[20:32:16] [INIT] - com.almostreliable.lootjs.kube.LootJSPlugin
[20:32:16] [INIT] - com.blakebr0.cucumber.compat.kubejs.CucumberKubeJSPlugin
[20:32:16] [INIT] - com.gregtechceu.gtceu.integration.kjs.GregTechKubeJSPlugin
[20:32:17] [INFO] Loaded script server_scripts:torchmaster.js in 0.001 s
[20:32:17] [INFO] Loaded script server_scripts:gregtech/temporary_fixes.js in 0.0 s
[20:32:17] [INFO] Loaded script server_scripts:gregtech/components.js in 0.0 s
[20:32:17] [INFO] Loaded script server_scripts:gregtech/void_air.js in 0.0 s
[20:32:17] [INFO] Loaded script server_scripts:gregtech/machines.js in 0.001 s
[20:32:17] [INFO] Loaded script server_scripts:gregtech/wood_unification.js in 0.0 s
[20:32:17] [INFO] Loaded script server_scripts:gregtech/greenhouse.js in 0.0 s
[20:32:17] [INFO] Loaded script server_scripts:appliedenergistics2/terminals.js in 0.001 s
[20:32:17] [INFO] Loaded script server_scripts:appliedenergistics2/certus_quartz.js in 0.0 s
[20:32:17] [INFO] Loaded script server_scripts:appliedenergistics2/portable_cells.js in 0.0 s
[20:32:17] [INFO] Loaded script server_scripts:appliedenergistics2/ae2wtlib.js in 0.0 s
[20:32:17] [INFO] Loaded script server_scripts:appliedenergistics2/extendedae2.js in 0.001 s
[20:32:17] [INFO] Loaded script server_scripts:appliedenergistics2/cards.js in 0.0 s
[20:32:17] [INFO] Loaded script server_scripts:appliedenergistics2/molecular_assemblers.js in 0.0 s
[20:32:17] [INFO] Loaded script server_scripts:appliedenergistics2/ae2.js in 0.001 s
[20:32:17] [INFO] Loaded script server_scripts:appliedenergistics2/cells.js in 0.0 s
[20:32:17] [INFO] Loaded script server_scripts:appliedenergistics2/inter_providers.js in 0.001 s
[20:32:17] [INFO] Loaded script server_scripts:appliedenergistics2/removals.js in 0.0 s
[20:32:17] [INFO] Loaded script server_scripts:appliedenergistics2/patterns.js in 0.0 s
[20:32:17] [INFO] Loaded script server_scripts:appliedenergistics2/cables.js in 0.001 s
[20:32:17] [INFO] Loaded script server_scripts:appliedenergistics2/storage_parts.js in 0.0 s
[20:32:17] [INFO] Loaded script server_scripts:appliedenergistics2/inscriber.js in 0.0 s
[20:32:17] [INFO] Loaded script server_scripts:appliedenergistics2/pressing.js in 0.001 s
[20:32:17] [INFO] Loaded script server_scripts:appliedenergistics2/crafting_storage.js in 0.0 s
[20:32:17] [INFO] Loaded script server_scripts:storage_drawers/drawers.js in 0.002 s
[20:32:17] [INFO] Loaded script server_scripts:storage_drawers/upgrades.js in 0.001 s
[20:32:17] [INFO] Loaded script server_scripts:open_blocks/elevator.js in 0.001 s
[20:32:17] [INFO] Loaded script server_scripts:open_blocks/hang_glider.js in 0.0 s
[20:32:17] [INFO] Loaded script server_scripts:sophisticated_backpacks/upgrades.js in 0.001 s
[20:32:17] [INFO] Loaded script server_scripts:sophisticated_backpacks/backpacks.js in 0.0 s
[20:32:17] [INFO] Loaded script server_scripts:vanilla/vanilla.js in 0.001 s
[20:32:17] [INFO] Loaded script server_scripts:vanilla/loot_drops.js in 0.0 s
[20:32:17] [INFO] Loaded script server_scripts:miscellaneous.js in 0.0 s
[20:32:17] [INFO] Loaded script server_scripts:removals.js in 0.0 s
[20:32:17] [INFO] Loaded script server_scripts:ender_storage.js in 0.0 s
[20:32:17] [INFO] Loaded script server_scripts:building/building_blocks.js in 0.001 s
[20:32:17] [INFO] Loaded script server_scripts:building/architects_palette.js in 0.001 s
[20:32:17] [INFO] Loaded script server_scripts:building/building_gadgets.js in 0.0 s
[20:32:17] [INFO] Loaded script server_scripts:building/xtones.js in 0.001 s
[20:32:17] [INFO] Loaded script server_scripts:tags/items.js in 0.0 s
[20:32:17] [INFO] Loaded script server_scripts:tags/ae2.js in 0.0 s
[20:32:17] [INFO] Loaded script server_scripts:tags/blocks.js in 0.0 s
[20:32:17] [INFO] Loaded script server_scripts:tags/gregtech.js in 0.0 s
[20:32:17] [INFO] Loaded 43/43 KubeJS server scripts in 0.028 s with 0 errors and 0 warnings
[20:32:17] [INFO] Scripts loaded
[20:32:17] [INFO] Initializing recipe event...
[20:32:17] [WARN] Due to the way Minecraft resource loading works, KubeJS' server.log may not contain everything that happened in your server scripts on initial world creation.
[20:32:17] [WARN] You can still see the full log (including past reloads) in your latest.log file.
[20:33:08] [INFO] Server resource reload complete!
