[20:23:35] [INIT] KubeJS 2001.6.5-build.26; MC 2001 forge
[20:23:35] [INIT] Loaded plugins:
[20:23:35] [INIT] - dev.latvian.mods.kubejs.forge.BuiltinKubeJSForgePlugin
[20:23:35] [INIT] - dev.latvian.mods.kubejs.forge.BuiltinKubeJSForgeClientPlugin
[20:23:35] [INIT] - com.lowdragmc.lowdraglib.kjs.LDLibKubeJSPlugin
[20:23:35] [INIT] - dev.ftb.mods.ftbxmodcompat.ftbquests.kubejs.KubeJSIntegration
[20:23:35] [INIT] - dev.ftb.mods.ftbxmodcompat.ftbchunks.kubejs.FTBChunksKubeJSPlugin
[20:23:35] [INIT] - dev.ftb.mods.ftbxmodcompat.ftbteams.kubejs.FTBTeamsKubeJSPlugin
[20:23:35] [INIT] - com.rubenverg.moldraw.kubejs.MolDrawKJSPlugin
[20:23:35] [INIT] - electrolyte.greate.compat.kubejs.KubeJSGreatePlugin
[20:23:35] [INIT] - com.almostreliable.lootjs.kube.LootJSPlugin
[20:23:35] [INIT] - com.blakebr0.cucumber.compat.kubejs.CucumberKubeJSPlugin
[20:23:35] [INIT] - com.gregtechceu.gtceu.integration.kjs.GregTechKubeJSPlugin
[20:23:36] [INFO] Loaded script startup_scripts:dimension_markers.js in 0.048 s
[20:23:36] [INFO] Loaded script startup_scripts:recipes/construction_core.js in 0.001 s
[20:23:36] [INFO] Loaded script startup_scripts:recipes/greenhouse.js in 0.001 s
[20:23:36] [INFO] Loaded script startup_scripts:icons.js in 0.002 s
[20:23:36] [INFO] Loaded script startup_scripts:material_testing/material.js in 0.001 s
[20:23:37] [INFO] Loaded script startup_scripts:machinery/construction_core.js in 0.001 s
[20:23:37] [INFO] Loaded script startup_scripts:machinery/greenhouse.js in 0.002 s
[20:23:37] [INFO] Loaded script startup_scripts:components/hsla-steel.js in 0.0 s
[20:23:37] [INFO] Loaded 8/8 KubeJS startup scripts in 0.878 s with 0 errors and 0 warnings
