[14:49:14] [INIT] KubeJS 2001.6.5-build.26; MC 2001 forge
[14:49:14] [INIT] Loaded plugins:
[14:49:14] [INIT] - dev.latvian.mods.kubejs.forge.BuiltinKubeJSForgePlugin
[14:49:14] [INIT] - dev.latvian.mods.kubejs.forge.BuiltinKubeJSForgeClientPlugin
[14:49:14] [INIT] - com.lowdragmc.lowdraglib.kjs.LDLibKubeJSPlugin
[14:49:14] [INIT] - dev.ftb.mods.ftbxmodcompat.ftbquests.kubejs.KubeJSIntegration
[14:49:14] [INIT] - dev.ftb.mods.ftbxmodcompat.ftbchunks.kubejs.FTBChunksKubeJSPlugin
[14:49:14] [INIT] - dev.ftb.mods.ftbxmodcompat.ftbteams.kubejs.FTBTeamsKubeJSPlugin
[14:49:14] [INIT] - electrolyte.greate.compat.kubejs.KubeJSGreatePlugin
[14:49:14] [INIT] - com.almostreliable.lootjs.kube.LootJSPlugin
[14:49:14] [INIT] - com.blakebr0.cucumber.compat.kubejs.CucumberKubeJSPlugin
[14:49:14] [INIT] - igentuman.nc.compat.kubejs.NuclearCraftKubeJSPlugin
[14:49:14] [INIT] - com.gregtechceu.gtceu.integration.kjs.GregTechKubeJSPlugin
[14:49:14] [INIT] - argent_matter.gcyr.integration.kjs.GCYRKubeJSPlugin
[14:49:14] [INIT] - com.rubenverg.moldraw.kubejs.MolDrawKJSPlugin
[14:49:15] [INFO] Loaded script startup_scripts:dimension_markers.js in 0.032 s
[14:49:15] [INFO] Loaded script startup_scripts:recipes/construction_core.js in 0.0 s
[14:49:15] [INFO] Loaded script startup_scripts:recipes/greenhouse.js in 0.001 s
[14:49:15] [INFO] Loaded script startup_scripts:icons.js in 0.001 s
[14:49:15] [INFO] Loaded script startup_scripts:material_testing/material.js in 0.001 s
[14:49:15] [INFO] Loaded script startup_scripts:machinery/construction_core.js in 0.001 s
[14:49:15] [INFO] Loaded script startup_scripts:machinery/greenhouse.js in 0.001 s
[14:49:15] [INFO] Loaded script startup_scripts:components/hsla-steel.js in 0.0 s
[14:49:15] [INFO] Loaded 8/8 KubeJS startup scripts in 0.828 s with 0 errors and 0 warnings
